{
  "version": "1.5.0",
  "plugins_used": [
    {
      "name": "ArtifactoryDetector"
    },
    {
      "name": "AWSKeyDetector"
    },
    {
      "name": "AzureStorageKeyDetector"
    },
    {
      "name": "Base64HighEntropyString",
      "limit": 4.5
    },
    {
      "name": "BasicAuthDetector"
    },
    {
      "name": "CloudantDetector"
    },
    {
      "name": "DiscordBotTokenDetector"
    },
    {
      "name": "GitHubTokenDetector"
    },
    {
      "name": "GitLabTokenDetector"
    },
    {
      "name": "HexHighEntropyString",
      "limit": 3.0
    },
    {
      "name": "IbmCloudIamDetector"
    },
    {
      "name": "IbmCosHmacDetector"
    },
    {
      "name": "IPPublicDetector"
    },
    {
      "name": "JwtTokenDetector"
    },
    {
      "name": "KeywordDetector",
      "keyword_exclude": ""
    },
    {
      "name": "MailchimpDetector"
    },
    {
      "name": "NpmDetector"
    },
    {
      "name": "OpenAIDetector"
    },
    {
      "name": "PrivateKeyDetector"
    },
    {
      "name": "PypiTokenDetector"
    },
    {
      "name": "SendGridDetector"
    },
    {
      "name": "SlackDetector"
    },
    {
      "name": "SoftlayerDetector"
    },
    {
      "name": "SquareOAuthDetector"
    },
    {
      "name": "StripeDetector"
    },
    {
      "name": "TelegramBotTokenDetector"
    },
    {
      "name": "TwilioKeyDetector"
    }
  ],
  "filters_used": [
    {
      "path": "detect_secrets.filters.allowlist.is_line_allowlisted"
    },
    {
      "path": "detect_secrets.filters.common.is_ignored_due_to_verification_policies",
      "min_level": 2
    },
    {
      "path": "detect_secrets.filters.heuristic.is_indirect_reference"
    },
    {
      "path": "detect_secrets.filters.heuristic.is_likely_id_string"
    },
    {
      "path": "detect_secrets.filters.heuristic.is_lock_file"
    },
    {
      "path": "detect_secrets.filters.heuristic.is_not_alphanumeric_string"
    },
    {
      "path": "detect_secrets.filters.heuristic.is_potential_uuid"
    },
    {
      "path": "detect_secrets.filters.heuristic.is_prefixed_with_dollar_sign"
    },
    {
      "path": "detect_secrets.filters.heuristic.is_sequential_string"
    },
    {
      "path": "detect_secrets.filters.heuristic.is_swagger_file"
    },
    {
      "path": "detect_secrets.filters.heuristic.is_templated_secret"
    },
    {
      "path": "detect_secrets.filters.regex.should_exclude_file",
      "pattern": [
        "(^|/)(\\.git|\\.venv|__pycache__|\\.mypy_cache|\\.ruff_cache|\\.pytest_cache|\\.job-harness)/|uv\\.lock$|company-directory\\.json$|company-careers-public\\.json$"
      ]
    }
  ],
  "results": {
    "plugins/job-harness/tests/v2/fixtures/scrapers/hh_ru/no_results/response.html": [
      {
        "type": "Hex High Entropy String",
        "filename": "plugins/job-harness/tests/v2/fixtures/scrapers/hh_ru/no_results/response.html",
        "hashed_secret": "a9b6c521380a6ee98ce2248c240eb99c9cbdf881",
        "is_verified": false,
        "line_number": 21
      },
      {
        "type": "Base64 High Entropy String",
        "filename": "plugins/job-harness/tests/v2/fixtures/scrapers/hh_ru/no_results/response.html",
        "hashed_secret": "4e1c70ef2822aae37e4655db0ba3e2f438f5c1cb",
        "is_verified": false,
        "line_number": 93
      },
      {
        "type": "Base64 High Entropy String",
        "filename": "plugins/job-harness/tests/v2/fixtures/scrapers/hh_ru/no_results/response.html",
        "hashed_secret": "7900a0bd3fde64e43c9f42d74408bc9ed69ccda5",
        "is_verified": false,
        "line_number": 93
      },
      {
        "type": "Base64 High Entropy String",
        "filename": "plugins/job-harness/tests/v2/fixtures/scrapers/hh_ru/no_results/response.html",
        "hashed_secret": "79d5c51a8efb217e80b70278e676bebeef4865a7",
        "is_verified": false,
        "line_number": 93
      },
      {
        "type": "Hex High Entropy String",
        "filename": "plugins/job-harness/tests/v2/fixtures/scrapers/hh_ru/no_results/response.html",
        "hashed_secret": "633898c7d58e0d388da0d1febfed2b5ca6674585",
        "is_verified": false,
        "line_number": 210
      },
      {
        "type": "Hex High Entropy String",
        "filename": "plugins/job-harness/tests/v2/fixtures/scrapers/hh_ru/no_results/response.html",
        "hashed_secret": "b29f1f21e37d21674775fa215d07b26e2d05358c",
        "is_verified": false,
        "line_number": 296
      },
      {
        "type": "Hex High Entropy String",
        "filename": "plugins/job-harness/tests/v2/fixtures/scrapers/hh_ru/no_results/response.html",
        "hashed_secret": "c815058050dabb87e793c888e209d2a737a93eae",
        "is_verified": false,
        "line_number": 296
      },
      {
        "type": "Hex High Entropy String",
        "filename": "plugins/job-harness/tests/v2/fixtures/scrapers/hh_ru/no_results/response.html",
        "hashed_secret": "d2dcf8ae841bf4d194c1183430637d5846f10c27",
        "is_verified": false,
        "line_number": 296
      },
      {
        "type": "Hex High Entropy String",
        "filename": "plugins/job-harness/tests/v2/fixtures/scrapers/hh_ru/no_results/response.html",
        "hashed_secret": "c9c5cb1f3cd537d099c6b54a9ad6a6a4251c443d",
        "is_verified": false,
        "line_number": 320
      }
    ],
    "plugins/job-harness/tests/v2/fixtures/scrapers/hh_ru/pagination/response.html": [
      {
        "type": "Hex High Entropy String",
        "filename": "plugins/job-harness/tests/v2/fixtures/scrapers/hh_ru/pagination/response.html",
        "hashed_secret": "f5ac6a328d97c9fa9bfb3cf86943f3d727837f39",
        "is_verified": false,
        "line_number": 21
      },
      {
        "type": "Base64 High Entropy String",
        "filename": "plugins/job-harness/tests/v2/fixtures/scrapers/hh_ru/pagination/response.html",
        "hashed_secret": "17651feeb2233d9e20432b8137c40bf408aedb82",
        "is_verified": false,
        "line_number": 93
      },
      {
        "type": "Base64 High Entropy String",
        "filename": "plugins/job-harness/tests/v2/fixtures/scrapers/hh_ru/pagination/response.html",
        "hashed_secret": "49b514df1f60a51b9105333d4f169d849361f84f",
        "is_verified": false,
        "line_number": 93
      },
      {
        "type": "Base64 High Entropy String",
        "filename": "plugins/job-harness/tests/v2/fixtures/scrapers/hh_ru/pagination/response.html",
        "hashed_secret": "79d5c51a8efb217e80b70278e676bebeef4865a7",
        "is_verified": false,
        "line_number": 93
      },
      {
        "type": "Base64 High Entropy String",
        "filename": "plugins/job-harness/tests/v2/fixtures/scrapers/hh_ru/pagination/response.html",
        "hashed_secret": "7c9f2b7cf8808fda605e0d1a07fca4a5ac5ddccd",
        "is_verified": false,
        "line_number": 93
      },
      {
        "type": "Hex High Entropy String",
        "filename": "plugins/job-harness/tests/v2/fixtures/scrapers/hh_ru/pagination/response.html",
        "hashed_secret": "8eb994e6df88b2391cab41927fafe21208b5189b",
        "is_verified": false,
        "line_number": 210
      },
      {
        "type": "Hex High Entropy String",
        "filename": "plugins/job-harness/tests/v2/fixtures/scrapers/hh_ru/pagination/response.html",
        "hashed_secret": "b29f1f21e37d21674775fa215d07b26e2d05358c",
        "is_verified": false,
        "line_number": 296
      },
      {
        "type": "Hex High Entropy String",
        "filename": "plugins/job-harness/tests/v2/fixtures/scrapers/hh_ru/pagination/response.html",
        "hashed_secret": "c815058050dabb87e793c888e209d2a737a93eae",
        "is_verified": false,
        "line_number": 296
      },
      {
        "type": "Hex High Entropy String",
        "filename": "plugins/job-harness/tests/v2/fixtures/scrapers/hh_ru/pagination/response.html",
        "hashed_secret": "d2dcf8ae841bf4d194c1183430637d5846f10c27",
        "is_verified": false,
        "line_number": 296
      },
      {
        "type": "Hex High Entropy String",
        "filename": "plugins/job-harness/tests/v2/fixtures/scrapers/hh_ru/pagination/response.html",
        "hashed_secret": "5cda7162f97b3769c50c0808bf3203447863f981",
        "is_verified": false,
        "line_number": 320
      }
    ],
    "plugins/job-harness/tests/v2/fixtures/scrapers/hh_ru/success/response.html": [
      {
        "type": "Hex High Entropy String",
        "filename": "plugins/job-harness/tests/v2/fixtures/scrapers/hh_ru/success/response.html",
        "hashed_secret": "9750d884a6e5534da2e3fb66baf442f8c4abd45a",
        "is_verified": false,
        "line_number": 21
      },
      {
        "type": "Base64 High Entropy String",
        "filename": "plugins/job-harness/tests/v2/fixtures/scrapers/hh_ru/success/response.html",
        "hashed_secret": "17651feeb2233d9e20432b8137c40bf408aedb82",
        "is_verified": false,
        "line_number": 93
      },
      {
        "type": "Base64 High Entropy String",
        "filename": "plugins/job-harness/tests/v2/fixtures/scrapers/hh_ru/success/response.html",
        "hashed_secret": "26e7c44c96d1923e0f12ca4b3b886dc87dbdfabc",
        "is_verified": false,
        "line_number": 93
      },
      {
        "type": "Base64 High Entropy String",
        "filename": "plugins/job-harness/tests/v2/fixtures/scrapers/hh_ru/success/response.html",
        "hashed_secret": "49b514df1f60a51b9105333d4f169d849361f84f",
        "is_verified": false,
        "line_number": 93
      },
      {
        "type": "Base64 High Entropy String",
        "filename": "plugins/job-harness/tests/v2/fixtures/scrapers/hh_ru/success/response.html",
        "hashed_secret": "79d5c51a8efb217e80b70278e676bebeef4865a7",
        "is_verified": false,
        "line_number": 93
      },
      {
        "type": "Base64 High Entropy String",
        "filename": "plugins/job-harness/tests/v2/fixtures/scrapers/hh_ru/success/response.html",
        "hashed_secret": "7c9f2b7cf8808fda605e0d1a07fca4a5ac5ddccd",
        "is_verified": false,
        "line_number": 93
      },
      {
        "type": "Hex High Entropy String",
        "filename": "plugins/job-harness/tests/v2/fixtures/scrapers/hh_ru/success/response.html",
        "hashed_secret": "85657ae0d8c424e242858aa5d7351514f451fc23",
        "is_verified": false,
        "line_number": 210
      },
      {
        "type": "Hex High Entropy String",
        "filename": "plugins/job-harness/tests/v2/fixtures/scrapers/hh_ru/success/response.html",
        "hashed_secret": "b29f1f21e37d21674775fa215d07b26e2d05358c",
        "is_verified": false,
        "line_number": 296
      },
      {
        "type": "Hex High Entropy String",
        "filename": "plugins/job-harness/tests/v2/fixtures/scrapers/hh_ru/success/response.html",
        "hashed_secret": "c815058050dabb87e793c888e209d2a737a93eae",
        "is_verified": false,
        "line_number": 296
      },
      {
        "type": "Hex High Entropy String",
        "filename": "plugins/job-harness/tests/v2/fixtures/scrapers/hh_ru/success/response.html",
        "hashed_secret": "d2dcf8ae841bf4d194c1183430637d5846f10c27",
        "is_verified": false,
        "line_number": 296
      },
      {
        "type": "Hex High Entropy String",
        "filename": "plugins/job-harness/tests/v2/fixtures/scrapers/hh_ru/success/response.html",
        "hashed_secret": "38a320ba7fbea6eeec1415a47df18d7b33f6acb1",
        "is_verified": false,
        "line_number": 320
      }
    ],
    "plugins/job-harness/tests/v2/fixtures/scrapers/hirehi/no_results/response.html": [
      {
        "type": "Hex High Entropy String",
        "filename": "plugins/job-harness/tests/v2/fixtures/scrapers/hirehi/no_results/response.html",
        "hashed_secret": "49396137a958e24e745a493bc49cd2f259485b8b",
        "is_verified": false,
        "line_number": 228
      },
      {
        "type": "Base64 High Entropy String",
        "filename": "plugins/job-harness/tests/v2/fixtures/scrapers/hirehi/no_results/response.html",
        "hashed_secret": "af9f4c51f0dfc5ec49ad28d1cd30cc67258a2979",
        "is_verified": false,
        "line_number": 229
      }
    ],
    "plugins/job-harness/tests/v2/fixtures/scrapers/hirehi/success/response.html": [
      {
        "type": "Hex High Entropy String",
        "filename": "plugins/job-harness/tests/v2/fixtures/scrapers/hirehi/success/response.html",
        "hashed_secret": "49396137a958e24e745a493bc49cd2f259485b8b",
        "is_verified": false,
        "line_number": 228
      },
      {
        "type": "Base64 High Entropy String",
        "filename": "plugins/job-harness/tests/v2/fixtures/scrapers/hirehi/success/response.html",
        "hashed_secret": "af9f4c51f0dfc5ec49ad28d1cd30cc67258a2979",
        "is_verified": false,
        "line_number": 229
      }
    ],
    "plugins/job-harness/tests/v2/fixtures/scrapers/staff_am/no_results/response.html": [
      {
        "type": "Hex High Entropy String",
        "filename": "plugins/job-harness/tests/v2/fixtures/scrapers/staff_am/no_results/response.html",
        "hashed_secret": "27dbe25be2bcc841ba83389af449d672b3002221",
        "is_verified": false,
        "line_number": 941
      }
    ],
    "plugins/job-harness/tests/v2/fixtures/scrapers/staff_am/success/response.html": [
      {
        "type": "Hex High Entropy String",
        "filename": "plugins/job-harness/tests/v2/fixtures/scrapers/staff_am/success/response.html",
        "hashed_secret": "27dbe25be2bcc841ba83389af449d672b3002221",
        "is_verified": false,
        "line_number": 941
      }
    ],
    "plugins/job-harness/tests/v2/fixtures/scrapers/talanto/no_results/response.html": [
      {
        "type": "Base64 High Entropy String",
        "filename": "plugins/job-harness/tests/v2/fixtures/scrapers/talanto/no_results/response.html",
        "hashed_secret": "9cab1da80929ad853fd3ec134cbb00b5717ede39",
        "is_verified": false,
        "line_number": 1
      },
      {
        "type": "Hex High Entropy String",
        "filename": "plugins/job-harness/tests/v2/fixtures/scrapers/talanto/no_results/response.html",
        "hashed_secret": "b2c1b87b59812085fe060b2680d71540d5e75b8f",
        "is_verified": false,
        "line_number": 1
      }
    ],
    "plugins/job-harness/tests/v2/fixtures/scrapers/talanto/success/response.html": [
      {
        "type": "Base64 High Entropy String",
        "filename": "plugins/job-harness/tests/v2/fixtures/scrapers/talanto/success/response.html",
        "hashed_secret": "9cab1da80929ad853fd3ec134cbb00b5717ede39",
        "is_verified": false,
        "line_number": 1
      },
      {
        "type": "Hex High Entropy String",
        "filename": "plugins/job-harness/tests/v2/fixtures/scrapers/talanto/success/response.html",
        "hashed_secret": "b2c1b87b59812085fe060b2680d71540d5e75b8f",
        "is_verified": false,
        "line_number": 1
      }
    ],
    "plugins/job-harness/tests/v2/fixtures/scrapers/talento/no_results/response.html": [
      {
        "type": "Base64 High Entropy String",
        "filename": "plugins/job-harness/tests/v2/fixtures/scrapers/talento/no_results/response.html",
        "hashed_secret": "9cab1da80929ad853fd3ec134cbb00b5717ede39",
        "is_verified": false,
        "line_number": 1
      },
      {
        "type": "Hex High Entropy String",
        "filename": "plugins/job-harness/tests/v2/fixtures/scrapers/talento/no_results/response.html",
        "hashed_secret": "b2c1b87b59812085fe060b2680d71540d5e75b8f",
        "is_verified": false,
        "line_number": 1
      }
    ],
    "plugins/job-harness/tests/v2/fixtures/scrapers/talento/success/response.html": [
      {
        "type": "Base64 High Entropy String",
        "filename": "plugins/job-harness/tests/v2/fixtures/scrapers/talento/success/response.html",
        "hashed_secret": "9cab1da80929ad853fd3ec134cbb00b5717ede39",
        "is_verified": false,
        "line_number": 1
      },
      {
        "type": "Hex High Entropy String",
        "filename": "plugins/job-harness/tests/v2/fixtures/scrapers/talento/success/response.html",
        "hashed_secret": "b2c1b87b59812085fe060b2680d71540d5e75b8f",
        "is_verified": false,
        "line_number": 1
      }
    ],
    "plugins/job-harness/tests/v2/fixtures/scrapers/habr_career/detail_sectioned/response.html": [
      {
        "type": "Base64 High Entropy String",
        "filename": "plugins/job-harness/tests/v2/fixtures/scrapers/habr_career/detail_sectioned/response.html",
        "hashed_secret": "e83b4118c4788d3c8bb06eaf908be67a91dd2b50",
        "is_verified": false,
        "line_number": 15
      },
      {
        "type": "Hex High Entropy String",
        "filename": "plugins/job-harness/tests/v2/fixtures/scrapers/habr_career/detail_sectioned/response.html",
        "hashed_secret": "2c179576b88adcce45d8a065575ed282d5b15215",
        "is_verified": false,
        "line_number": 36
      },
      {
        "type": "Hex High Entropy String",
        "filename": "plugins/job-harness/tests/v2/fixtures/scrapers/habr_career/detail_sectioned/response.html",
        "hashed_secret": "bd3f4388ba22c330a4d0cbb6a7bc5579276f904c",
        "is_verified": false,
        "line_number": 40
      }
    ],
    "plugins/job-harness/tests/v2/fixtures/scrapers/hh_ru/blocked/response.html": [
      {
        "type": "Hex High Entropy String",
        "filename": "plugins/job-harness/tests/v2/fixtures/scrapers/hh_ru/blocked/response.html",
        "hashed_secret": "14dcd5c16bd3a11c4bda0e4786dd105279f95e90",
        "is_verified": false,
        "line_number": 21
      },
      {
        "type": "Hex High Entropy String",
        "filename": "plugins/job-harness/tests/v2/fixtures/scrapers/hh_ru/blocked/response.html",
        "hashed_secret": "59e988cf8cba975193f8932ffb8c0f1791c2c016",
        "is_verified": false,
        "line_number": 91
      },
      {
        "type": "Hex High Entropy String",
        "filename": "plugins/job-harness/tests/v2/fixtures/scrapers/hh_ru/blocked/response.html",
        "hashed_secret": "d030eb4dc2586f43edd420731c9afcf6ac7670a8",
        "is_verified": false,
        "line_number": 208
      },
      {
        "type": "Hex High Entropy String",
        "filename": "plugins/job-harness/tests/v2/fixtures/scrapers/hh_ru/blocked/response.html",
        "hashed_secret": "b29f1f21e37d21674775fa215d07b26e2d05358c",
        "is_verified": false,
        "line_number": 294
      },
      {
        "type": "Hex High Entropy String",
        "filename": "plugins/job-harness/tests/v2/fixtures/scrapers/hh_ru/blocked/response.html",
        "hashed_secret": "c815058050dabb87e793c888e209d2a737a93eae",
        "is_verified": false,
        "line_number": 294
      },
      {
        "type": "Hex High Entropy String",
        "filename": "plugins/job-harness/tests/v2/fixtures/scrapers/hh_ru/blocked/response.html",
        "hashed_secret": "d2dcf8ae841bf4d194c1183430637d5846f10c27",
        "is_verified": false,
        "line_number": 294
      },
      {
        "type": "Base64 High Entropy String",
        "filename": "plugins/job-harness/tests/v2/fixtures/scrapers/hh_ru/blocked/response.html",
        "hashed_secret": "4f56b83a3c191b5701dcbaaf8f3c8ba2cd96980d",
        "is_verified": false,
        "line_number": 318
      }
    ],
    "plugins/job-harness/tests/v2/fixtures/scrapers/staff_am/detail/response.html": [
      {
        "type": "Hex High Entropy String",
        "filename": "plugins/job-harness/tests/v2/fixtures/scrapers/staff_am/detail/response.html",
        "hashed_secret": "7ba19df7310f0b66bb3e64fe8c5299f1a1bf772e",
        "is_verified": false,
        "line_number": 936
      }
    ],
    "plugins/job-harness/tests/v2/fixtures/scrapers/talanto/detail/response.html": [
      {
        "type": "Base64 High Entropy String",
        "filename": "plugins/job-harness/tests/v2/fixtures/scrapers/talanto/detail/response.html",
        "hashed_secret": "9cab1da80929ad853fd3ec134cbb00b5717ede39",
        "is_verified": false,
        "line_number": 1
      },
      {
        "type": "Hex High Entropy String",
        "filename": "plugins/job-harness/tests/v2/fixtures/scrapers/talanto/detail/response.html",
        "hashed_secret": "b2c1b87b59812085fe060b2680d71540d5e75b8f",
        "is_verified": false,
        "line_number": 1
      }
    ],
    "plugins/job-harness/tests/v2/fixtures/scrapers/talento/detail/response.html": [
      {
        "type": "Base64 High Entropy String",
        "filename": "plugins/job-harness/tests/v2/fixtures/scrapers/talento/detail/response.html",
        "hashed_secret": "9cab1da80929ad853fd3ec134cbb00b5717ede39",
        "is_verified": false,
        "line_number": 1
      },
      {
        "type": "Hex High Entropy String",
        "filename": "plugins/job-harness/tests/v2/fixtures/scrapers/talento/detail/response.html",
        "hashed_secret": "b2c1b87b59812085fe060b2680d71540d5e75b8f",
        "is_verified": false,
        "line_number": 1
      }
    ]
  },
  "generated_at": "2026-06-23T12:19:59Z"
}
